C:/Users/A.C/Documents/GitHub/TrajectoryPrediction/resized_videos_frames/TrajectoryPrediction_videos/TrajectoryPrediction_videos_F_00000000.jpg
C:/Users/A.C/Documents/GitHub/TrajectoryPrediction/resized_videos_frames/TrajectoryPrediction_videos/TrajectoryPrediction_videos_F_00000012.jpg
C:/Users/A.C/Documents/GitHub/TrajectoryPrediction/resized_videos_frames/TrajectoryPrediction_videos/TrajectoryPrediction_videos_F_00000024.jpg
C:/Users/A.C/Documents/GitHub/TrajectoryPrediction/resized_videos_frames/TrajectoryPrediction_videos/TrajectoryPrediction_videos_F_00000036.jpg
C:/Users/A.C/Documents/GitHub/TrajectoryPrediction/resized_videos_frames/TrajectoryPrediction_videos/TrajectoryPrediction_videos_F_00000048.jpg
C:/Users/A.C/Documents/GitHub/TrajectoryPrediction/resized_videos_frames/TrajectoryPrediction_videos/TrajectoryPrediction_videos_F_00000060.jpg
C:/Users/A.C/Documents/GitHub/TrajectoryPrediction/resized_videos_frames/TrajectoryPrediction_videos/TrajectoryPrediction_videos_F_00000072.jpg
C:/Users/A.C/Documents/GitHub/TrajectoryPrediction/resized_videos_frames/TrajectoryPrediction_videos/TrajectoryPrediction_videos_F_00000084.jpg
C:/Users/A.C/Documents/GitHub/TrajectoryPrediction/resized_videos_frames/TrajectoryPrediction_videos/TrajectoryPrediction_videos_F_00000096.jpg
C:/Users/A.C/Documents/GitHub/TrajectoryPrediction/resized_videos_frames/TrajectoryPrediction_videos/TrajectoryPrediction_videos_F_00000108.jpg
C:/Users/A.C/Documents/GitHub/TrajectoryPrediction/resized_videos_frames/TrajectoryPrediction_videos/TrajectoryPrediction_videos_F_00000120.jpg
C:/Users/A.C/Documents/GitHub/TrajectoryPrediction/resized_videos_frames/TrajectoryPrediction_videos/TrajectoryPrediction_videos_F_00000132.jpg
C:/Users/A.C/Documents/GitHub/TrajectoryPrediction/resized_videos_frames/TrajectoryPrediction_videos/TrajectoryPrediction_videos_F_00000144.jpg
C:/Users/A.C/Documents/GitHub/TrajectoryPrediction/resized_videos_frames/TrajectoryPrediction_videos/TrajectoryPrediction_videos_F_00000156.jpg
C:/Users/A.C/Documents/GitHub/TrajectoryPrediction/resized_videos_frames/TrajectoryPrediction_videos/TrajectoryPrediction_videos_F_00000168.jpg
C:/Users/A.C/Documents/GitHub/TrajectoryPrediction/resized_videos_frames/TrajectoryPrediction_videos/TrajectoryPrediction_videos_F_00000180.jpg
C:/Users/A.C/Documents/GitHub/TrajectoryPrediction/resized_videos_frames/TrajectoryPrediction_videos/TrajectoryPrediction_videos_F_00000192.jpg
C:/Users/A.C/Documents/GitHub/TrajectoryPrediction/resized_videos_frames/TrajectoryPrediction_videos/TrajectoryPrediction_videos_F_00000204.jpg
C:/Users/A.C/Documents/GitHub/TrajectoryPrediction/resized_videos_frames/TrajectoryPrediction_videos/TrajectoryPrediction_videos_F_00000216.jpg
C:/Users/A.C/Documents/GitHub/TrajectoryPrediction/resized_videos_frames/TrajectoryPrediction_videos/TrajectoryPrediction_videos_F_00000228.jpg
C:/Users/A.C/Documents/GitHub/TrajectoryPrediction/resized_videos_frames/TrajectoryPrediction_videos/TrajectoryPrediction_videos_F_00000240.jpg
C:/Users/A.C/Documents/GitHub/TrajectoryPrediction/resized_videos_frames/TrajectoryPrediction_videos/TrajectoryPrediction_videos_F_00000252.jpg
C:/Users/A.C/Documents/GitHub/TrajectoryPrediction/resized_videos_frames/TrajectoryPrediction_videos/TrajectoryPrediction_videos_F_00000264.jpg
C:/Users/A.C/Documents/GitHub/TrajectoryPrediction/resized_videos_frames/TrajectoryPrediction_videos/TrajectoryPrediction_videos_F_00000276.jpg
C:/Users/A.C/Documents/GitHub/TrajectoryPrediction/resized_videos_frames/TrajectoryPrediction_videos/TrajectoryPrediction_videos_F_00000288.jpg
C:/Users/A.C/Documents/GitHub/TrajectoryPrediction/resized_videos_frames/TrajectoryPrediction_videos/TrajectoryPrediction_videos_F_00000300.jpg
C:/Users/A.C/Documents/GitHub/TrajectoryPrediction/resized_videos_frames/TrajectoryPrediction_videos/TrajectoryPrediction_videos_F_00000312.jpg
C:/Users/A.C/Documents/GitHub/TrajectoryPrediction/resized_videos_frames/TrajectoryPrediction_videos/TrajectoryPrediction_videos_F_00000324.jpg
C:/Users/A.C/Documents/GitHub/TrajectoryPrediction/resized_videos_frames/TrajectoryPrediction_videos/TrajectoryPrediction_videos_F_00000336.jpg
C:/Users/A.C/Documents/GitHub/TrajectoryPrediction/resized_videos_frames/TrajectoryPrediction_videos/TrajectoryPrediction_videos_F_00000348.jpg
C:/Users/A.C/Documents/GitHub/TrajectoryPrediction/resized_videos_frames/TrajectoryPrediction_videos/TrajectoryPrediction_videos_F_00000360.jpg
C:/Users/A.C/Documents/GitHub/TrajectoryPrediction/resized_videos_frames/TrajectoryPrediction_videos/TrajectoryPrediction_videos_F_00000372.jpg
C:/Users/A.C/Documents/GitHub/TrajectoryPrediction/resized_videos_frames/TrajectoryPrediction_videos/TrajectoryPrediction_videos_F_00000384.jpg
C:/Users/A.C/Documents/GitHub/TrajectoryPrediction/resized_videos_frames/TrajectoryPrediction_videos/TrajectoryPrediction_videos_F_00000396.jpg
C:/Users/A.C/Documents/GitHub/TrajectoryPrediction/resized_videos_frames/TrajectoryPrediction_videos/TrajectoryPrediction_videos_F_00000408.jpg
C:/Users/A.C/Documents/GitHub/TrajectoryPrediction/resized_videos_frames/TrajectoryPrediction_videos/TrajectoryPrediction_videos_F_00000420.jpg
C:/Users/A.C/Documents/GitHub/TrajectoryPrediction/resized_videos_frames/TrajectoryPrediction_videos/TrajectoryPrediction_videos_F_00000432.jpg
C:/Users/A.C/Documents/GitHub/TrajectoryPrediction/resized_videos_frames/TrajectoryPrediction_videos/TrajectoryPrediction_videos_F_00000444.jpg
C:/Users/A.C/Documents/GitHub/TrajectoryPrediction/resized_videos_frames/TrajectoryPrediction_videos/TrajectoryPrediction_videos_F_00000456.jpg
C:/Users/A.C/Documents/GitHub/TrajectoryPrediction/resized_videos_frames/TrajectoryPrediction_videos/TrajectoryPrediction_videos_F_00000468.jpg
C:/Users/A.C/Documents/GitHub/TrajectoryPrediction/resized_videos_frames/TrajectoryPrediction_videos/TrajectoryPrediction_videos_F_00000480.jpg
C:/Users/A.C/Documents/GitHub/TrajectoryPrediction/resized_videos_frames/TrajectoryPrediction_videos/TrajectoryPrediction_videos_F_00000492.jpg
C:/Users/A.C/Documents/GitHub/TrajectoryPrediction/resized_videos_frames/TrajectoryPrediction_videos/TrajectoryPrediction_videos_F_00000504.jpg
